To honour the JVM settings for this build a single-use Daemon process will be forked. For more on this, please refer to https://docs.gradle.org/9.2.1/userguide/gradle_daemon.html#sec:disabling_the_daemon in the Gradle documentation.
Daemon will be stopped at the end of the build 
.\gradlew : 
所在位置 行:1 字符: 77
+ ... va\jdk-23"; .\gradlew :app:compileDebugKotlin --no-daemon 2>&1 | Out- ...
+                 ~~~~~~~~~~~~~~~~~~~~~~~~~~~~~~~~~~~~~~~~~~~~~~~~~~
    + CategoryInfo          : NotSpecified: (:String) [], RemoteException
    + FullyQualifiedErrorId : NativeCommandError
 
FAILURE: Build failed with an exception.

* Where:
Build file 'D:\github\passkeytools\build.gradle.kts' line: 2

* What went wrong:
Plugin [id: 'com.android.application', version: '9.0.1', apply: false] was not found in any of the following sources:

- Gradle Core Plugins (plugin is not in 'org.gradle' namespace)
- Included Builds (No included builds contain this plugin)
- Plugin Repositories (could not resolve plugin artifact 'com.android.application:com.android.application.gradle.plugin:9.0.1')
  Searched in the following repositories:
    Google
    MavenRepo
    Gradle Central Plugin Repository

* Try:
> Run with --stacktrace option to get the stack trace.
> Run with --info or --debug option to get more log output.
> Run with --scan to generate a Build Scan (powered by Develocity).
> Get more help at https://help.gradle.org.

BUILD FAILED in 25s
